// Jest Snapshot v1, https://goo.gl/fbAQLP

exports[`Initial snapshop 1`] = `
<DocumentFragment>
  <div
    class="sc-bdvvtL ekJtLn"
  >
    <span>
      Age
    </span>
    <div
      class="slider-container"
    >
      <span
        class="MuiSlider-colorPrimary MuiSlider-sizeMedium MuiSlider-root css-187mznn-MuiSlider-root"
      >
        <span
          class="MuiSlider-rail css-14pt78w-MuiSlider-rail"
        />
        <span
          class="MuiSlider-track css-1gv0vcd-MuiSlider-track"
          style="left: 0%; width: 100%;"
        />
        <span
          class="MuiSlider-thumbColorPrimary MuiSlider-thumbSizeMedium MuiSlider-thumb css-eg0mwd-MuiSlider-thumb"
          data-index="0"
          style="left: 0%;"
        >
          <input
            aria-orientation="horizontal"
            aria-valuemax="20"
            aria-valuemin="0"
            aria-valuenow="0"
            data-index="0"
            max="20"
            min="0"
            style="border: 0px; height: 100%; margin: -1px; overflow: hidden; padding: 0px; position: absolute; white-space: nowrap; width: 100%; direction: ltr;"
            type="range"
            value="0"
          />
          <span
            aria-hidden="true"
            class="MuiSlider-valueLabel css-1kz0hui-MuiSlider-valueLabel"
          >
            <span
              class="MuiSlider-valueLabelCircle"
            >
              <span
                class="MuiSlider-valueLabelLabel"
              >
                0
              </span>
            </span>
          </span>
        </span>
        <span
          class="MuiSlider-thumbColorPrimary MuiSlider-thumbSizeMedium MuiSlider-thumb css-eg0mwd-MuiSlider-thumb"
          data-index="1"
          style="left: 100%;"
        >
          <input
            aria-orientation="horizontal"
            aria-valuemax="20"
            aria-valuemin="0"
            aria-valuenow="20"
            data-index="1"
            max="20"
            min="0"
            style="border: 0px; height: 100%; margin: -1px; overflow: hidden; padding: 0px; position: absolute; white-space: nowrap; width: 100%; direction: ltr;"
            type="range"
            value="20"
          />
          <span
            aria-hidden="true"
            class="MuiSlider-valueLabel css-1kz0hui-MuiSlider-valueLabel"
          >
            <span
              class="MuiSlider-valueLabelCircle"
            >
              <span
                class="MuiSlider-valueLabelLabel"
              >
                20
              </span>
            </span>
          </span>
        </span>
      </span>
    </div>
  </div>
</DocumentFragment>
`;

exports[`Move slide snapshot 1`] = `
"Snapshot Diff:
- First value
+ Second value

@@ -14,11 +14,11 @@
          <span
            class=\\"MuiSlider-rail css-14pt78w-MuiSlider-rail\\"
          />
          <span
            class=\\"MuiSlider-track css-1gv0vcd-MuiSlider-track\\"
-           style=\\"left: 0%; width: 100%;\\"
+           style=\\"left: 0%; width: 50%;\\"
          />
          <span
            class=\\"MuiSlider-thumbColorPrimary MuiSlider-thumbSizeMedium MuiSlider-thumb css-eg0mwd-MuiSlider-thumb\\"
            data-index=\\"0\\"
            style=\\"left: 0%;\\"
@@ -49,37 +49,37 @@
                </span>
              </span>
            </span>
          </span>
          <span
-           class=\\"MuiSlider-thumbColorPrimary MuiSlider-thumbSizeMedium MuiSlider-thumb css-eg0mwd-MuiSlider-thumb\\"
+           class=\\"MuiSlider-thumbColorPrimary MuiSlider-thumbSizeMedium MuiSlider-thumb Mui-focusVisible css-eg0mwd-MuiSlider-thumb\\"
            data-index=\\"1\\"
-           style=\\"left: 100%;\\"
+           style=\\"left: 50%;\\"
          >
            <input
              aria-orientation=\\"horizontal\\"
              aria-valuemax=\\"20\\"
              aria-valuemin=\\"0\\"
-             aria-valuenow=\\"20\\"
+             aria-valuenow=\\"10\\"
              data-index=\\"1\\"
              max=\\"20\\"
              min=\\"0\\"
              style=\\"border: 0px; height: 100%; margin: -1px; overflow: hidden; padding: 0px; position: absolute; white-space: nowrap; width: 100%; direction: ltr;\\"
              type=\\"range\\"
-             value=\\"20\\"
+             value=\\"10\\"
            />
            <span
              aria-hidden=\\"true\\"
-             class=\\"MuiSlider-valueLabel css-1kz0hui-MuiSlider-valueLabel\\"
+             class=\\"MuiSlider-valueLabelOpen MuiSlider-valueLabel css-1kz0hui-MuiSlider-valueLabel\\"
            >
              <span
                class=\\"MuiSlider-valueLabelCircle\\"
              >
                <span
                  class=\\"MuiSlider-valueLabelLabel\\"
                >
-                 20
+                 10
                </span>
              </span>
            </span>
          </span>
        </span>"
`;
